2016-01-16T22:30:27+0000
Execute login with user id: 0

